// Jest Snapshot v1, https://goo.gl/fbAQLP

exports[`TrailerButtonRound component should render without crashing 1`] = `
<button
  className="trailerButton"
>
  â–¶
</button>
`;
