// Jest Snapshot v1, https://goo.gl/fbAQLP

exports[`TrailerModalContainer component should render without crashing 1`] = `
<TrailerModal
  closeModal={[Function]}
  isModalOpen={false}
  trailerURL=""
/>
`;
