// Jest Snapshot v1, https://goo.gl/fbAQLP

exports[`MovieInfoContainer component should render without crashing 1`] = `
<MovieInfo
  movie={Object {}}
/>
`;
