// Jest Snapshot v1, https://goo.gl/fbAQLP

exports[`Header component should render without crashing 1`] = `
<header
  className="header"
>
  <Link
    to="/"
  >
    <h1
      className="title"
    >
      Films
    </h1>
  </Link>
  <Memo(Connect(SearchFieldContainer)) />
</header>
`;
