// Jest Snapshot v1, https://goo.gl/fbAQLP

exports[`ViewInfoButton component should render without crashing 1`] = `
<button
  className="infoButton"
>
  View Info
</button>
`;
