// Jest Snapshot v1, https://goo.gl/fbAQLP

exports[`TrailerButtonRect component should render without crashing 1`] = `
<button
  className="trailerButton"
  onClick={[Function]}
  type="button"
>
  Watch Now
</button>
`;
