// Jest Snapshot v1, https://goo.gl/fbAQLP

exports[`WatchNowButtonRect component should render without crashing 1`] = `
<button
  className="watchButton"
>
  Watch Now
</button>
`;
