// Jest Snapshot v1, https://goo.gl/fbAQLP

exports[`App component should render without crashing 1`] = `
<React.Fragment>
  <MovieDetailsPage />
</React.Fragment>
`;
