// Jest Snapshot v1, https://goo.gl/fbAQLP

exports[`SearchField component should render without crashing 1`] = `
<input
  className="searchInput"
  placeholder="the jungle book"
  type="search"
/>
`;
