// Jest Snapshot v1, https://goo.gl/fbAQLP

exports[`SearchFieldContainer component SearchFieldContainer component should render without crashing 1`] = `
<SearchField
  onSearch={[MockFunction]}
/>
`;
