// Jest Snapshot v1, https://goo.gl/fbAQLP

exports[`MovieCardContainer component should render without crashing 1`] = `
<MovieCard
  movie={Object {}}
  onTrailerButtonClick={null}
/>
`;
