// Jest Snapshot v1, https://goo.gl/fbAQLP

exports[`Signature component should render without crashing 1`] = `
<header
  className="header"
>
  <h1>
    Andrei Mandryk
  </h1>
</header>
`;
