// Jest Snapshot v1, https://goo.gl/fbAQLP

exports[`RatingStar component should render full star icon when type is "full" 1`] = `
<i
  className="fas fa-star"
/>
`;

exports[`RatingStar component should render half star icon when type is "half" 1`] = `
<i
  className="fas fa-star-half"
/>
`;
